<?xml version="1.0" encoding="UTF-8"?>
<TestRun id="e69fc0dc-d172-4cef-ab6a-1269ce95827e" name="yyyz716@NMXPC-000021 2011-05-20 11:18:52" runUser="NAVISTAR\yyyz716" xmlns="http://microsoft.com/schemas/VisualStudio/TeamTest/2010">
  <TestSettings name="Default Test Settings" id="0fa55d2d-b004-4c6a-a44b-0f32aa8ed9ad">
    <Deployment runDeploymentRoot="yyyz716_NMXPC-000021 2011-05-20 11_18_52">
      <DeploymentItem filename="C:\Adan.Salvador\ProyectosPrueba\SP\SP.DomainModel\bin\Debug\SP.DomainModel.dll" />
      <DeploymentItem filename="C:\Adan.Salvador\ProyectosPrueba\SP\SP\bin\SP.dll" />
      <DeploymentItem filename="C:\Adan.Salvador\ProyectosDev\Ventas\VentasMvc\VentasMvc.Tests\bin\Debug\MvcContrib.dll" />
      <DeploymentItem filename="C:\Adan.Salvador\ProyectosDev\Ventas\VentasMvc\VentasMvc.Tests\bin\Debug\MvcContrib.TestHelper.dll" />
    </Deployment>
    <Execution>
      <TestTypeSpecific />
      <AgentRule name="Execution Agents">
      </AgentRule>
    </Execution>
  </TestSettings>
  <Times creation="2011-05-20T11:18:52.9646722-05:00" queuing="2011-05-20T11:18:53.1156722-05:00" start="2011-05-20T11:18:53.1216722-05:00" finish="2011-05-20T11:19:03.4106722-05:00" />
  <ResultSummary outcome="Completed">
    <Counters total="1" executed="1" passed="1" error="0" failed="0" timeout="0" aborted="0" inconclusive="0" passedButRunAborted="0" notRunnable="0" notExecuted="0" disconnected="0" warning="0" completed="0" inProgress="0" pending="0" />
  </ResultSummary>
  <TestDefinitions>
    <UnitTest name="DeleteProgramaVentas" storage="c:\adan.salvador\proyectosprueba\sp\sp.tests\bin\debug\sp.tests.dll" id="92a42af4-13cd-fac8-fe5b-84d423da2473">
      <Execution id="610e0f69-2ba7-434a-98c7-a2f51793f7a3" />
      <TestMethod codeBase="C:/Adan.Salvador/ProyectosPrueba/SP/SP.Tests/bin/Debug/SP.Tests.DLL" adapterTypeName="Microsoft.VisualStudio.TestTools.TestTypes.Unit.UnitTestAdapter, Microsoft.VisualStudio.QualityTools.Tips.UnitTest.Adapter, Version=10.0.0.0, Culture=neutral, PublicKeyToken=b03f5f7f11d50a3a" className="SP.Tests.Repositories.EntityProgramaVtaRepositoryTests, SP.Tests, Version=1.0.0.0, Culture=neutral, PublicKeyToken=null" name="DeleteProgramaVentas" />
    </UnitTest>
  </TestDefinitions>
  <TestLists>
    <TestList name="Results Not in a List" id="8c84fa94-04c1-424b-9868-57a2d4851a1d" />
    <TestList name="All Loaded Results" id="19431567-8539-422a-85d7-44ee4e166bda" />
  </TestLists>
  <TestEntries>
    <TestEntry testId="92a42af4-13cd-fac8-fe5b-84d423da2473" executionId="610e0f69-2ba7-434a-98c7-a2f51793f7a3" testListId="8c84fa94-04c1-424b-9868-57a2d4851a1d" />
  </TestEntries>
  <Results>
    <UnitTestResult executionId="610e0f69-2ba7-434a-98c7-a2f51793f7a3" testId="92a42af4-13cd-fac8-fe5b-84d423da2473" testName="DeleteProgramaVentas" computerName="NMXPC-000021" duration="00:00:10.0019356" startTime="2011-05-20T11:18:53.1626722-05:00" endTime="2011-05-20T11:19:03.3326722-05:00" testType="13cdc9d9-ddb5-4fa4-a97d-d965ccfc6d4b" outcome="Passed" testListId="8c84fa94-04c1-424b-9868-57a2d4851a1d" relativeResultsDirectory="610e0f69-2ba7-434a-98c7-a2f51793f7a3">
    </UnitTestResult>
  </Results>
</TestRun>