<?xml version="1.0" encoding="UTF-8"?>
<TestRun id="703e615e-e444-4805-9763-8d4ea37ada8f" name="yyyz716@NMXPC-000021 2011-05-20 11:11:49" runUser="NAVISTAR\yyyz716" xmlns="http://microsoft.com/schemas/VisualStudio/TeamTest/2010">
  <TestSettings name="Default Test Settings" id="909b839b-c499-442e-9e04-55aee68fbaba">
    <Deployment runDeploymentRoot="yyyz716_NMXPC-000021 2011-05-20 11_11_49">
      <DeploymentItem filename="C:\Adan.Salvador\ProyectosPrueba\SP\SP.DomainModel\bin\Debug\SP.DomainModel.dll" />
      <DeploymentItem filename="C:\Adan.Salvador\ProyectosPrueba\SP\SP\bin\SP.dll" />
      <DeploymentItem filename="C:\Adan.Salvador\ProyectosDev\Ventas\VentasMvc\VentasMvc.Tests\bin\Debug\MvcContrib.dll" />
      <DeploymentItem filename="C:\Adan.Salvador\ProyectosDev\Ventas\VentasMvc\VentasMvc.Tests\bin\Debug\MvcContrib.TestHelper.dll" />
    </Deployment>
    <Execution>
      <TestTypeSpecific />
      <AgentRule name="Execution Agents">
      </AgentRule>
    </Execution>
  </TestSettings>
  <Times creation="2011-05-20T11:11:49.2546722-05:00" queuing="2011-05-20T11:11:49.4046722-05:00" start="2011-05-20T11:11:49.4166722-05:00" finish="2011-05-20T11:11:49.9366722-05:00" />
  <ResultSummary outcome="Failed">
    <Counters total="1" executed="1" error="0" failed="1" timeout="0" aborted="0" inconclusive="0" passedButRunAborted="0" notRunnable="0" notExecuted="0" disconnected="0" warning="0" passed="0" completed="0" inProgress="0" pending="0" />
  </ResultSummary>
  <TestDefinitions>
    <UnitTest name="ConsultarProgramasDeVentas" storage="c:\adan.salvador\proyectosprueba\sp\sp.tests\bin\debug\sp.tests.dll" id="64ea9fd2-3a28-2944-da31-f0e53ea730bc">
      <Execution id="86da08dd-3752-4bc1-8729-e83767015ee0" />
      <TestMethod codeBase="C:/Adan.Salvador/ProyectosPrueba/SP/SP.Tests/bin/Debug/SP.Tests.DLL" adapterTypeName="Microsoft.VisualStudio.TestTools.TestTypes.Unit.UnitTestAdapter, Microsoft.VisualStudio.QualityTools.Tips.UnitTest.Adapter, Version=10.0.0.0, Culture=neutral, PublicKeyToken=b03f5f7f11d50a3a" className="SP.Tests.Repositories.EntityProgramaVtaRepositoryTests, SP.Tests, Version=1.0.0.0, Culture=neutral, PublicKeyToken=null" name="ConsultarProgramasDeVentas" />
    </UnitTest>
  </TestDefinitions>
  <TestLists>
    <TestList name="Results Not in a List" id="8c84fa94-04c1-424b-9868-57a2d4851a1d" />
    <TestList name="All Loaded Results" id="19431567-8539-422a-85d7-44ee4e166bda" />
  </TestLists>
  <TestEntries>
    <TestEntry testId="64ea9fd2-3a28-2944-da31-f0e53ea730bc" executionId="86da08dd-3752-4bc1-8729-e83767015ee0" testListId="8c84fa94-04c1-424b-9868-57a2d4851a1d" />
  </TestEntries>
  <Results>
    <UnitTestResult executionId="86da08dd-3752-4bc1-8729-e83767015ee0" testId="64ea9fd2-3a28-2944-da31-f0e53ea730bc" testName="ConsultarProgramasDeVentas" computerName="NMXPC-000021" duration="00:00:00.2718099" startTime="2011-05-20T11:11:49.4356722-05:00" endTime="2011-05-20T11:11:49.9216722-05:00" testType="13cdc9d9-ddb5-4fa4-a97d-d965ccfc6d4b" outcome="Failed" testListId="8c84fa94-04c1-424b-9868-57a2d4851a1d" relativeResultsDirectory="86da08dd-3752-4bc1-8729-e83767015ee0">
      <Output>
        <ErrorInfo>
          <Message>Test method SP.Tests.Repositories.EntityProgramaVtaRepositoryTests.ConsultarProgramasDeVentas threw exception: 
System.InvalidOperationException: The entity type ProgramaVta is not part of the model for the current context.</Message>
          <StackTrace>    at System.Data.Entity.Internal.InternalContext.UpdateEntitySetMappingsForType(Type entityType)
   at System.Data.Entity.Internal.InternalContext.GetEntitySetAndBaseTypeForType(Type entityType)
   at System.Data.Entity.Internal.Linq.InternalSet`1.Initialize()
   at System.Data.Entity.Internal.Linq.InternalSet`1.GetEnumerator()
   at System.Data.Entity.Infrastructure.DbQuery`1.System.Collections.Generic.IEnumerable&lt;TResult&gt;.GetEnumerator()
   at System.Collections.Generic.List`1..ctor(IEnumerable`1 collection)
   at System.Linq.Enumerable.ToList[TSource](IEnumerable`1 source)
   at SP.DomainModel.BaseRepository`1.GetAll() in C:\Adan.Salvador\ProyectosPrueba\SP\SP.DomainModel\Base\BaseRepository.cs:line 66
   at SP.Tests.Repositories.EntityProgramaVtaRepositoryTests.ConsultarProgramasDeVentas() in C:\Adan.Salvador\ProyectosPrueba\SP\SP.Tests\Repositories\EntityProgramaVtaRepositoryTests.cs:line 31
</StackTrace>
        </ErrorInfo>
      </Output>
    </UnitTestResult>
  </Results>
</TestRun>