<?xml version="1.0" encoding="UTF-8"?>
<TestRun id="5a0fb7a9-f945-41f9-87d5-a894d3a9b7fb" name="yyyz716@NMXPC-000021 2011-05-20 11:18:06" runUser="NAVISTAR\yyyz716" xmlns="http://microsoft.com/schemas/VisualStudio/TeamTest/2010">
  <TestSettings name="Default Test Settings" id="c4710589-41aa-4134-a13b-94f906a27fc3">
    <Deployment runDeploymentRoot="yyyz716_NMXPC-000021 2011-05-20 11_18_06">
      <DeploymentItem filename="C:\Adan.Salvador\ProyectosPrueba\SP\SP.DomainModel\bin\Debug\SP.DomainModel.dll" />
      <DeploymentItem filename="C:\Adan.Salvador\ProyectosPrueba\SP\SP\bin\SP.dll" />
      <DeploymentItem filename="C:\Adan.Salvador\ProyectosDev\Ventas\VentasMvc\VentasMvc.Tests\bin\Debug\MvcContrib.dll" />
      <DeploymentItem filename="C:\Adan.Salvador\ProyectosDev\Ventas\VentasMvc\VentasMvc.Tests\bin\Debug\MvcContrib.TestHelper.dll" />
    </Deployment>
    <Execution>
      <TestTypeSpecific />
      <AgentRule name="Execution Agents">
      </AgentRule>
    </Execution>
  </TestSettings>
  <Times creation="2011-05-20T11:18:06.7776722-05:00" queuing="2011-05-20T11:18:06.9576722-05:00" start="2011-05-20T11:18:06.9816722-05:00" finish="2011-05-20T11:18:10.5746722-05:00" />
  <ResultSummary outcome="Completed">
    <Counters total="1" executed="1" passed="1" error="0" failed="0" timeout="0" aborted="0" inconclusive="0" passedButRunAborted="0" notRunnable="0" notExecuted="0" disconnected="0" warning="0" completed="0" inProgress="0" pending="0" />
  </ResultSummary>
  <TestDefinitions>
    <UnitTest name="SaveProgramaVentas" storage="c:\adan.salvador\proyectosprueba\sp\sp.tests\bin\debug\sp.tests.dll" id="1a59981b-5a38-8c9e-aacd-6c4a4711bb26">
      <Execution id="90971e45-777f-4df0-b242-a23bf17b6e37" />
      <TestMethod codeBase="C:/Adan.Salvador/ProyectosPrueba/SP/SP.Tests/bin/Debug/SP.Tests.DLL" adapterTypeName="Microsoft.VisualStudio.TestTools.TestTypes.Unit.UnitTestAdapter, Microsoft.VisualStudio.QualityTools.Tips.UnitTest.Adapter, Version=10.0.0.0, Culture=neutral, PublicKeyToken=b03f5f7f11d50a3a" className="SP.Tests.Repositories.EntityProgramaVtaRepositoryTests, SP.Tests, Version=1.0.0.0, Culture=neutral, PublicKeyToken=null" name="SaveProgramaVentas" />
    </UnitTest>
  </TestDefinitions>
  <TestLists>
    <TestList name="Results Not in a List" id="8c84fa94-04c1-424b-9868-57a2d4851a1d" />
    <TestList name="All Loaded Results" id="19431567-8539-422a-85d7-44ee4e166bda" />
  </TestLists>
  <TestEntries>
    <TestEntry testId="1a59981b-5a38-8c9e-aacd-6c4a4711bb26" executionId="90971e45-777f-4df0-b242-a23bf17b6e37" testListId="8c84fa94-04c1-424b-9868-57a2d4851a1d" />
  </TestEntries>
  <Results>
    <UnitTestResult executionId="90971e45-777f-4df0-b242-a23bf17b6e37" testId="1a59981b-5a38-8c9e-aacd-6c4a4711bb26" testName="SaveProgramaVentas" computerName="NMXPC-000021" duration="00:00:03.3784520" startTime="2011-05-20T11:18:06.9936722-05:00" endTime="2011-05-20T11:18:10.5526722-05:00" testType="13cdc9d9-ddb5-4fa4-a97d-d965ccfc6d4b" outcome="Passed" testListId="8c84fa94-04c1-424b-9868-57a2d4851a1d" relativeResultsDirectory="90971e45-777f-4df0-b242-a23bf17b6e37">
    </UnitTestResult>
  </Results>
</TestRun>