<?xml version="1.0" encoding="UTF-8"?>
<TestRun id="caa3f8a8-bbb0-4c45-a2bf-4aebcc6c7c3f" name="yyyz716@NMXPC-000021 2011-05-23 10:17:50" runUser="NAVISTAR\yyyz716" xmlns="http://microsoft.com/schemas/VisualStudio/TeamTest/2010">
  <TestSettings name="Default Test Settings" id="1c882833-3833-4fc8-8cb7-26ab6ca186ad">
    <Deployment runDeploymentRoot="yyyz716_NMXPC-000021 2011-05-23 10_17_50">
      <DeploymentItem filename="C:\Adan.Salvador\ProyectosPrueba\SP\SP.DomainModel\bin\Debug\SP.DomainModel.dll" />
      <DeploymentItem filename="C:\Adan.Salvador\ProyectosPrueba\SP\SP\bin\SP.dll" />
      <DeploymentItem filename="C:\Adan.Salvador\ProyectosDev\Ventas\VentasMvc\VentasMvc.Tests\bin\Debug\MvcContrib.dll" />
      <DeploymentItem filename="C:\Adan.Salvador\ProyectosDev\Ventas\VentasMvc\VentasMvc.Tests\bin\Debug\MvcContrib.TestHelper.dll" />
    </Deployment>
    <Execution>
      <TestTypeSpecific />
      <AgentRule name="Execution Agents">
      </AgentRule>
    </Execution>
  </TestSettings>
  <Times creation="2011-05-23T10:17:50.2427125-05:00" queuing="2011-05-23T10:17:51.3627196-05:00" start="2011-05-23T10:17:51.4848294-05:00" finish="2011-05-23T10:18:04.6722394-05:00" />
  <ResultSummary outcome="Warning">
    <Counters total="1" executed="1" passed="1" error="0" failed="0" timeout="0" aborted="0" inconclusive="0" passedButRunAborted="0" notRunnable="0" notExecuted="0" disconnected="0" warning="0" completed="0" inProgress="0" pending="0" />
    <RunInfos>
      <RunInfo computerName="NMXPC-000021" outcome="Warning" timestamp="2011-05-23T10:17:50.4168691-05:00">
        <Text>Warning: Test Run deployment issue: The assembly or module 'Microsoft.Web.Mvc' directly or indirectly referenced by the test container 'c:\adan.salvador\proyectosprueba\sp\sp.tests\bin\debug\sp.tests.dll' was not found.</Text>
      </RunInfo>
    </RunInfos>
  </ResultSummary>
  <TestDefinitions>
    <UnitTest name="Buscar_Activos" storage="c:\adan.salvador\proyectosprueba\sp\sp.tests\bin\debug\sp.tests.dll" id="77cfc15b-886d-d6dc-310c-b2280cf3d55f">
      <Execution id="cd43ed39-aa84-4208-85c3-d61463ddc99c" />
      <TestMethod codeBase="C:/Adan.Salvador/ProyectosPrueba/SP/SP.Tests/bin/Debug/SP.Tests.DLL" adapterTypeName="Microsoft.VisualStudio.TestTools.TestTypes.Unit.UnitTestAdapter, Microsoft.VisualStudio.QualityTools.Tips.UnitTest.Adapter, Version=10.0.0.0, Culture=neutral, PublicKeyToken=b03f5f7f11d50a3a" className="SP.Tests.StockingProgramControllerTest, SP.Tests, Version=1.0.0.0, Culture=neutral, PublicKeyToken=null" name="Buscar_Activos" />
    </UnitTest>
  </TestDefinitions>
  <TestLists>
    <TestList name="Results Not in a List" id="8c84fa94-04c1-424b-9868-57a2d4851a1d" />
    <TestList name="All Loaded Results" id="19431567-8539-422a-85d7-44ee4e166bda" />
  </TestLists>
  <TestEntries>
    <TestEntry testId="77cfc15b-886d-d6dc-310c-b2280cf3d55f" executionId="cd43ed39-aa84-4208-85c3-d61463ddc99c" testListId="8c84fa94-04c1-424b-9868-57a2d4851a1d" />
  </TestEntries>
  <Results>
    <UnitTestResult executionId="cd43ed39-aa84-4208-85c3-d61463ddc99c" testId="77cfc15b-886d-d6dc-310c-b2280cf3d55f" testName="Buscar_Activos" computerName="NMXPC-000021" duration="00:00:10.2705269" startTime="2011-05-23T10:17:51.5999329-05:00" endTime="2011-05-23T10:18:02.9506530-05:00" testType="13cdc9d9-ddb5-4fa4-a97d-d965ccfc6d4b" outcome="Passed" testListId="8c84fa94-04c1-424b-9868-57a2d4851a1d" relativeResultsDirectory="cd43ed39-aa84-4208-85c3-d61463ddc99c">
    </UnitTestResult>
  </Results>
</TestRun>